---
source: src/day07.rs
expression: solution.part2(demo_input)
---
24933642
