---
source: src/day8.rs
expression: solution.part2(demo_input)
---
8
