---
source: src/day4.rs
expression: solution.part2(demo_input)
---
900
