---
source: src/day8.rs
expression: solution.part1(demo_input)
---
21
