---
source: src/day5.rs
expression: solution.part1(demo_input)
---
"CFFHVVHNC"
