---
source: src/day09.rs
expression: solution.part2(demo_input)
---
1
