---
source: src/day3.rs
expression: solution.part1(demo_input)
---
157
