---
source: src/day06.rs
expression: "solution.part1(\"nznrnfrfntjfmvfwmzdfjlvtqnbhcprsg\")"
---
10
