---
source: src/day02.rs
expression: solution.part1(demo_input)
---
15
