---
source: src/day06.rs
expression: "solution.part2(\"nznrnfrfntjfmvfwmzdfjlvtqnbhcprsg\")"
---
29
