---
source: src/day04.rs
expression: solution.part2(demo_input)
---
900
