---
source: src/day1.rs
expression: solution.part1(demo_input)
---
67658
