---
source: src/day05.rs
expression: solution.part1(demo_input)
---
"CMZ"
