---
source: src/day10.rs
expression: solution.part1(demo_input)
---
"13140"
