---
source: src/day3.rs
expression: solution.part2(demo_input)
---
2569
