---
source: src/day09.rs
expression: solution.part1(demo_input)
---
6057
