---
source: src/day08.rs
expression: solution.part2(demo_input)
---
519064
