---
source: src/day06.rs
expression: "solution.part1(\"nppdvjthqldpwncqszvftbrmjlhg\")"
---
6
