---
source: src/day1.rs
expression: solution.part2(demo_input)
---
200158
