---
source: src/day7.rs
expression: solution.part2(demo_input)
---
24933642
