---
source: src/day2.rs
expression: solution.part1(demo_input)
---
15
