---
source: src/day08.rs
expression: solution.part1(demo_input)
---
21
