---
source: src/day03.rs
expression: solution.part2(demo_input)
---
70
