---
source: src/day06.rs
expression: solution.part1(&demo)
---
1155
