---
source: src/day6.rs
expression: solution.part1(&demo)
---
1155
