---
source: src/day02.rs
expression: solution.part2(demo_input)
---
10274
