---
source: src/day6.rs
expression: solution.part2(&demo)
---
2789
