---
source: src/day6.rs
expression: "solution.part2(\"nznrnfrfntjfmvfwmzdfjlvtqnbhcprsg\")"
---
29
