---
source: src/day06.rs
expression: "solution.part2(\"mjqjpqmgbljsphdztnvjfqwrcgsmlb\")"
---
19
