---
source: src/day6.rs
expression: "solution.part1(\"nppdvjthqldpwncqszvftbrmjlhg\")"
---
6
