---
source: src/day5.rs
expression: solution.part2(demo_input)
---
"MCD"
