---
source: src/day01.rs
expression: solution.part2(demo_input)
---
45000
