---
source: src/day4.rs
expression: solution.part1(demo_input)
---
2
