---
source: src/day07.rs
expression: solution.part1(demo_input)
---
95437
