---
source: src/day01.rs
expression: solution.part1(demo_input)
---
24000
