---
source: src/day03.rs
expression: solution.part1(demo_input)
---
157
